Flow report for Cursed
Tue Dec 12 23:30:36 2023
Quartus Prime Version 20.1.1 Build 720 11/11/2020 SJ Lite Edition


---------------------
; Table of Contents ;
---------------------
  1. Legal Notice
  2. Flow Summary
  3. Flow Settings
  4. Flow Non-Default Global Settings
  5. Flow Elapsed Time
  6. Flow OS Summary
  7. Flow Log
  8. Flow Messages
  9. Flow Suppressed Messages



----------------
; Legal Notice ;
----------------
Copyright (C) 2020  Intel Corporation. All rights reserved.
Your use of Intel Corporation's design tools, logic functions 
and other software and tools, and any partner logic 
functions, and any output files from any of the foregoing 
(including device programming or simulation files), and any 
associated documentation or information are expressly subject 
to the terms and conditions of the Intel Program License 
Subscription Agreement, the Intel Quartus Prime License Agreement,
the Intel FPGA IP License Agreement, or other applicable license
agreement, including, without limitation, that your use is for
the sole purpose of programming logic devices manufactured by
Intel and sold by Intel or its authorized distributors.  Please
refer to the applicable agreement for further details, at
https://fpgasoftware.intel.com/eula.



+----------------------------------------------------------------------------------+
; Flow Summary                                                                     ;
+------------------------------------+---------------------------------------------+
; Flow Status                        ; Successful - Tue Dec 12 23:30:36 2023       ;
; Quartus Prime Version              ; 20.1.1 Build 720 11/11/2020 SJ Lite Edition ;
; Revision Name                      ; Cursed                                      ;
; Top-level Entity Name              ; main                                        ;
; Family                             ; Cyclone IV E                                ;
; Device                             ; EP4CE6E22C8                                 ;
; Timing Models                      ; Final                                       ;
; Total logic elements               ; 234                                         ;
;     Total combinational functions  ; 177                                         ;
;     Dedicated logic registers      ; 93                                          ;
; Total registers                    ; 93                                          ;
; Total pins                         ; 31                                          ;
; Total virtual pins                 ; 0                                           ;
; Total memory bits                  ; 0                                           ;
; Embedded Multiplier 9-bit elements ; 0                                           ;
; Total PLLs                         ; 0                                           ;
+------------------------------------+---------------------------------------------+


+-----------------------------------------+
; Flow Settings                           ;
+-------------------+---------------------+
; Option            ; Setting             ;
+-------------------+---------------------+
; Start date & time ; 12/12/2023 23:30:28 ;
; Main task         ; Compilation         ;
; Revision Name     ; Cursed              ;
+-------------------+---------------------+


+-----------------------------------------------------------------------------------------------------------------------------------------------------------+
; Flow Non-Default Global Settings                                                                                                                          ;
+------------------------------------------------+----------------------------------------+---------------+-------------+-----------------------------------+
; Assignment Name                                ; Value                                  ; Default Value ; Entity Name ; Section Id                        ;
+------------------------------------------------+----------------------------------------+---------------+-------------+-----------------------------------+
; COMPILER_SIGNATURE_ID                          ; 193912845254493.170241302817388        ; --            ; --          ; --                                ;
; EDA_DESIGN_INSTANCE_NAME                       ; NA                                     ; --            ; --          ; main                              ;
; EDA_DESIGN_INSTANCE_NAME                       ; NA                                     ; --            ; --          ; regist                            ;
; EDA_DESIGN_INSTANCE_NAME                       ; NA                                     ; --            ; --          ; to_save                           ;
; EDA_DESIGN_INSTANCE_NAME                       ; NA                                     ; --            ; --          ; gate                              ;
; EDA_DESIGN_INSTANCE_NAME                       ; NA                                     ; --            ; --          ; ascii_to_bcd                      ;
; EDA_DESIGN_INSTANCE_NAME                       ; NA                                     ; --            ; --          ; obrabotka                         ;
; EDA_DESIGN_INSTANCE_NAME                       ; NA                                     ; --            ; --          ; Display                           ;
; EDA_DESIGN_INSTANCE_NAME                       ; NA                                     ; --            ; --          ; delay_par                         ;
; EDA_DESIGN_INSTANCE_NAME                       ; NA                                     ; --            ; --          ; Cont_seq                          ;
; EDA_DESIGN_INSTANCE_NAME                       ; NA                                     ; --            ; --          ; register                          ;
; EDA_DESIGN_INSTANCE_NAME                       ; NA                                     ; --            ; --          ; generator                         ;
; EDA_DESIGN_INSTANCE_NAME                       ; NA                                     ; --            ; --          ; Comands                           ;
; EDA_DESIGN_INSTANCE_NAME                       ; i1                                     ; --            ; --          ; testbench                         ;
; EDA_GENERATE_FUNCTIONAL_NETLIST                ; Off                                    ; --            ; --          ; eda_board_design_timing           ;
; EDA_GENERATE_FUNCTIONAL_NETLIST                ; Off                                    ; --            ; --          ; eda_board_design_boundary_scan    ;
; EDA_GENERATE_FUNCTIONAL_NETLIST                ; Off                                    ; --            ; --          ; eda_board_design_signal_integrity ;
; EDA_GENERATE_FUNCTIONAL_NETLIST                ; Off                                    ; --            ; --          ; eda_board_design_symbol           ;
; EDA_NATIVELINK_SIMULATION_TEST_BENCH           ; main                                   ; --            ; --          ; eda_simulation                    ;
; EDA_OUTPUT_DATA_FORMAT                         ; Vhdl                                   ; --            ; --          ; eda_simulation                    ;
; EDA_SIMULATION_TOOL                            ; ModelSim-Altera (VHDL)                 ; <None>        ; --          ; --                                ;
; EDA_TEST_BENCH_ENABLE_STATUS                   ; TEST_BENCH_MODE                        ; --            ; --          ; eda_simulation                    ;
; EDA_TEST_BENCH_FILE                            ; output_files/tb12.sv                   ; --            ; --          ; main                              ;
; EDA_TEST_BENCH_FILE                            ; output_files/tb9.sv                    ; --            ; --          ; regist                            ;
; EDA_TEST_BENCH_FILE                            ; output_files/tb3.sv                    ; --            ; --          ; to_save                           ;
; EDA_TEST_BENCH_FILE                            ; output_files/tb2.sv                    ; --            ; --          ; gate                              ;
; EDA_TEST_BENCH_FILE                            ; output_files/tb11.sv                   ; --            ; --          ; ascii_to_bcd                      ;
; EDA_TEST_BENCH_FILE                            ; output_files/tb7.sv                    ; --            ; --          ; obrabotka                         ;
; EDA_TEST_BENCH_FILE                            ; output_files/tb10.sv                   ; --            ; --          ; Display                           ;
; EDA_TEST_BENCH_FILE                            ; output_files/tb1.sv                    ; --            ; --          ; delay_par                         ;
; EDA_TEST_BENCH_FILE                            ; output_files/tb4.sv                    ; --            ; --          ; Cont_seq                          ;
; EDA_TEST_BENCH_FILE                            ; output_files/tb6.sv                    ; --            ; --          ; register                          ;
; EDA_TEST_BENCH_FILE                            ; output_files/tb8.sv                    ; --            ; --          ; generator                         ;
; EDA_TEST_BENCH_FILE                            ; output_files/tb5.sv                    ; --            ; --          ; Comands                           ;
; EDA_TEST_BENCH_FILE                            ; simulation/modelsim/main.vht           ; --            ; --          ; testbench                         ;
; EDA_TEST_BENCH_MODULE_NAME                     ; tb12                                   ; --            ; --          ; main                              ;
; EDA_TEST_BENCH_MODULE_NAME                     ; tb9                                    ; --            ; --          ; regist                            ;
; EDA_TEST_BENCH_MODULE_NAME                     ; tb3                                    ; --            ; --          ; to_save                           ;
; EDA_TEST_BENCH_MODULE_NAME                     ; tb2                                    ; --            ; --          ; gate                              ;
; EDA_TEST_BENCH_MODULE_NAME                     ; tb11                                   ; --            ; --          ; ascii_to_bcd                      ;
; EDA_TEST_BENCH_MODULE_NAME                     ; tb7                                    ; --            ; --          ; obrabotka                         ;
; EDA_TEST_BENCH_MODULE_NAME                     ; tb10                                   ; --            ; --          ; Display                           ;
; EDA_TEST_BENCH_MODULE_NAME                     ; tb1                                    ; --            ; --          ; delay_par                         ;
; EDA_TEST_BENCH_MODULE_NAME                     ; tb4                                    ; --            ; --          ; Cont_seq                          ;
; EDA_TEST_BENCH_MODULE_NAME                     ; tb6                                    ; --            ; --          ; register                          ;
; EDA_TEST_BENCH_MODULE_NAME                     ; tb8                                    ; --            ; --          ; generator                         ;
; EDA_TEST_BENCH_MODULE_NAME                     ; tb5                                    ; --            ; --          ; Comands                           ;
; EDA_TEST_BENCH_MODULE_NAME                     ; main_vhd_tst                           ; --            ; --          ; testbench                         ;
; EDA_TEST_BENCH_NAME                            ; delay_par                              ; --            ; --          ; eda_simulation                    ;
; EDA_TEST_BENCH_NAME                            ; gate                                   ; --            ; --          ; eda_simulation                    ;
; EDA_TEST_BENCH_NAME                            ; to_save                                ; --            ; --          ; eda_simulation                    ;
; EDA_TEST_BENCH_NAME                            ; Cont_seq                               ; --            ; --          ; eda_simulation                    ;
; EDA_TEST_BENCH_NAME                            ; Comands                                ; --            ; --          ; eda_simulation                    ;
; EDA_TEST_BENCH_NAME                            ; register                               ; --            ; --          ; eda_simulation                    ;
; EDA_TEST_BENCH_NAME                            ; obrabotka                              ; --            ; --          ; eda_simulation                    ;
; EDA_TEST_BENCH_NAME                            ; generator                              ; --            ; --          ; eda_simulation                    ;
; EDA_TEST_BENCH_NAME                            ; regist                                 ; --            ; --          ; eda_simulation                    ;
; EDA_TEST_BENCH_NAME                            ; Display                                ; --            ; --          ; eda_simulation                    ;
; EDA_TEST_BENCH_NAME                            ; ascii_to_bcd                           ; --            ; --          ; eda_simulation                    ;
; EDA_TEST_BENCH_NAME                            ; main                                   ; --            ; --          ; eda_simulation                    ;
; EDA_TEST_BENCH_NAME                            ; testbench                              ; --            ; --          ; eda_simulation                    ;
; EDA_TEST_BENCH_RUN_SIM_FOR                     ; 1000 ns                                ; --            ; --          ; testbench                         ;
; EDA_TIME_SCALE                                 ; 1 ps                                   ; --            ; --          ; eda_simulation                    ;
; EDA_USER_COMPILED_SIMULATION_LIBRARY_DIRECTORY ; E:\Cursed\simulation                   ; --            ; --          ; eda_simulation                    ;
; MAX_CORE_JUNCTION_TEMP                         ; 85                                     ; --            ; --          ; --                                ;
; MIN_CORE_JUNCTION_TEMP                         ; 0                                      ; --            ; --          ; --                                ;
; NOMINAL_CORE_SUPPLY_VOLTAGE                    ; 1.2V                                   ; --            ; --          ; --                                ;
; PARTITION_COLOR                                ; -- (Not supported for targeted family) ; --            ; main        ; Top                               ;
; PARTITION_FITTER_PRESERVATION_LEVEL            ; -- (Not supported for targeted family) ; --            ; main        ; Top                               ;
; PARTITION_NETLIST_TYPE                         ; -- (Not supported for targeted family) ; --            ; main        ; Top                               ;
; POWER_BOARD_THERMAL_MODEL                      ; None (CONSERVATIVE)                    ; --            ; --          ; --                                ;
; POWER_PRESET_COOLING_SOLUTION                  ; 23 MM HEAT SINK WITH 200 LFPM AIRFLOW  ; --            ; --          ; --                                ;
; PROJECT_OUTPUT_DIRECTORY                       ; output_files                           ; --            ; --          ; --                                ;
; TOP_LEVEL_ENTITY                               ; main                                   ; Cursed        ; --          ; --                                ;
+------------------------------------------------+----------------------------------------+---------------+-------------+-----------------------------------+


+--------------------------------------------------------------------------------------------------------------------------+
; Flow Elapsed Time                                                                                                        ;
+----------------------+--------------+-------------------------+---------------------+------------------------------------+
; Module Name          ; Elapsed Time ; Average Processors Used ; Peak Virtual Memory ; Total CPU Time (on all processors) ;
+----------------------+--------------+-------------------------+---------------------+------------------------------------+
; Analysis & Synthesis ; 00:00:08     ; 1.0                     ; 4816 MB             ; 00:00:17                           ;
; Total                ; 00:00:08     ; --                      ; --                  ; 00:00:17                           ;
+----------------------+--------------+-------------------------+---------------------+------------------------------------+


+------------------------------------------------------------------------------------+
; Flow OS Summary                                                                    ;
+----------------------+------------------+------------+------------+----------------+
; Module Name          ; Machine Hostname ; OS Name    ; OS Version ; Processor type ;
+----------------------+------------------+------------+------------+----------------+
; Analysis & Synthesis ; Joniele-notebook ; Windows 10 ; 10.0       ; x86_64         ;
+----------------------+------------------+------------+------------+----------------+


------------
; Flow Log ;
------------
quartus_map --read_settings_files=on --write_settings_files=off Cursed -c Cursed



